cyberb CyberPSMT <8r.enc <cyberb.ttf
cyberb00 CyberPSMT <cyberb00.enc <cyberb.ttf
cyberb01 CyberPSMT <cyberb01.enc <cyberb.ttf
cyberb02 CyberPSMT <cyberb02.enc <cyberb.ttf
cyberb03 CyberPSMT <cyberb03.enc <cyberb.ttf
cyberb04 CyberPSMT <cyberb04.enc <cyberb.ttf
cyberb05 CyberPSMT <cyberb05.enc <cyberb.ttf
cyberb06 CyberPSMT <cyberb06.enc <cyberb.ttf
cyberb0e CyberPSMT <cyberb0e.enc <cyberb.ttf
cyberb1e CyberPSMT <cyberb1e.enc <cyberb.ttf
cyberb20 CyberPSMT <cyberb20.enc <cyberb.ttf
cyberb21 CyberPSMT <cyberb21.enc <cyberb.ttf
cyberb22 CyberPSMT <cyberb22.enc <cyberb.ttf
cyberb23 CyberPSMT <cyberb23.enc <cyberb.ttf
cyberb24 CyberPSMT <cyberb24.enc <cyberb.ttf
cyberb25 CyberPSMT <cyberb25.enc <cyberb.ttf
cyberb26 CyberPSMT <cyberb26.enc <cyberb.ttf
cyberb30 CyberPSMT <cyberb30.enc <cyberb.ttf
cyberb31 CyberPSMT <cyberb31.enc <cyberb.ttf
cyberb32 CyberPSMT <cyberb32.enc <cyberb.ttf
cyberb33 CyberPSMT <cyberb33.enc <cyberb.ttf
cyberb34 CyberPSMT <cyberb34.enc <cyberb.ttf
cyberb35 CyberPSMT <cyberb35.enc <cyberb.ttf
cyberb36 CyberPSMT <cyberb36.enc <cyberb.ttf
cyberb37 CyberPSMT <cyberb37.enc <cyberb.ttf
cyberb38 CyberPSMT <cyberb38.enc <cyberb.ttf
cyberb39 CyberPSMT <cyberb39.enc <cyberb.ttf
cyberb3a CyberPSMT <cyberb3a.enc <cyberb.ttf
cyberb3b CyberPSMT <cyberb3b.enc <cyberb.ttf
cyberb3c CyberPSMT <cyberb3c.enc <cyberb.ttf
cyberb3d CyberPSMT <cyberb3d.enc <cyberb.ttf
cyberb4e CyberPSMT <cyberb4e.enc <cyberb.ttf
cyberb4f CyberPSMT <cyberb4f.enc <cyberb.ttf
cyberb50 CyberPSMT <cyberb50.enc <cyberb.ttf
cyberb51 CyberPSMT <cyberb51.enc <cyberb.ttf
cyberb52 CyberPSMT <cyberb52.enc <cyberb.ttf
cyberb53 CyberPSMT <cyberb53.enc <cyberb.ttf
cyberb54 CyberPSMT <cyberb54.enc <cyberb.ttf
cyberb55 CyberPSMT <cyberb55.enc <cyberb.ttf
cyberb56 CyberPSMT <cyberb56.enc <cyberb.ttf
cyberb57 CyberPSMT <cyberb57.enc <cyberb.ttf
cyberb58 CyberPSMT <cyberb58.enc <cyberb.ttf
cyberb59 CyberPSMT <cyberb59.enc <cyberb.ttf
cyberb5a CyberPSMT <cyberb5a.enc <cyberb.ttf
cyberb5b CyberPSMT <cyberb5b.enc <cyberb.ttf
cyberb5c CyberPSMT <cyberb5c.enc <cyberb.ttf
cyberb5d CyberPSMT <cyberb5d.enc <cyberb.ttf
cyberb5e CyberPSMT <cyberb5e.enc <cyberb.ttf
cyberb5f CyberPSMT <cyberb5f.enc <cyberb.ttf
cyberb60 CyberPSMT <cyberb60.enc <cyberb.ttf
cyberb61 CyberPSMT <cyberb61.enc <cyberb.ttf
cyberb62 CyberPSMT <cyberb62.enc <cyberb.ttf
cyberb63 CyberPSMT <cyberb63.enc <cyberb.ttf
cyberb64 CyberPSMT <cyberb64.enc <cyberb.ttf
cyberb65 CyberPSMT <cyberb65.enc <cyberb.ttf
cyberb66 CyberPSMT <cyberb66.enc <cyberb.ttf
cyberb67 CyberPSMT <cyberb67.enc <cyberb.ttf
cyberb68 CyberPSMT <cyberb68.enc <cyberb.ttf
cyberb69 CyberPSMT <cyberb69.enc <cyberb.ttf
cyberb6a CyberPSMT <cyberb6a.enc <cyberb.ttf
cyberb6b CyberPSMT <cyberb6b.enc <cyberb.ttf
cyberb6c CyberPSMT <cyberb6c.enc <cyberb.ttf
cyberb6d CyberPSMT <cyberb6d.enc <cyberb.ttf
cyberb6e CyberPSMT <cyberb6e.enc <cyberb.ttf
cyberb6f CyberPSMT <cyberb6f.enc <cyberb.ttf
cyberb70 CyberPSMT <cyberb70.enc <cyberb.ttf
cyberb71 CyberPSMT <cyberb71.enc <cyberb.ttf
cyberb72 CyberPSMT <cyberb72.enc <cyberb.ttf
cyberb73 CyberPSMT <cyberb73.enc <cyberb.ttf
cyberb74 CyberPSMT <cyberb74.enc <cyberb.ttf
cyberb75 CyberPSMT <cyberb75.enc <cyberb.ttf
cyberb76 CyberPSMT <cyberb76.enc <cyberb.ttf
cyberb77 CyberPSMT <cyberb77.enc <cyberb.ttf
cyberb78 CyberPSMT <cyberb78.enc <cyberb.ttf
cyberb79 CyberPSMT <cyberb79.enc <cyberb.ttf
cyberb7a CyberPSMT <cyberb7a.enc <cyberb.ttf
cyberb7b CyberPSMT <cyberb7b.enc <cyberb.ttf
cyberb7c CyberPSMT <cyberb7c.enc <cyberb.ttf
cyberb7d CyberPSMT <cyberb7d.enc <cyberb.ttf
cyberb7e CyberPSMT <cyberb7e.enc <cyberb.ttf
cyberb7f CyberPSMT <cyberb7f.enc <cyberb.ttf
cyberb80 CyberPSMT <cyberb80.enc <cyberb.ttf
cyberb81 CyberPSMT <cyberb81.enc <cyberb.ttf
cyberb82 CyberPSMT <cyberb82.enc <cyberb.ttf
cyberb83 CyberPSMT <cyberb83.enc <cyberb.ttf
cyberb84 CyberPSMT <cyberb84.enc <cyberb.ttf
cyberb85 CyberPSMT <cyberb85.enc <cyberb.ttf
cyberb86 CyberPSMT <cyberb86.enc <cyberb.ttf
cyberb87 CyberPSMT <cyberb87.enc <cyberb.ttf
cyberb88 CyberPSMT <cyberb88.enc <cyberb.ttf
cyberb89 CyberPSMT <cyberb89.enc <cyberb.ttf
cyberb8a CyberPSMT <cyberb8a.enc <cyberb.ttf
cyberb8b CyberPSMT <cyberb8b.enc <cyberb.ttf
cyberb8c CyberPSMT <cyberb8c.enc <cyberb.ttf
cyberb8d CyberPSMT <cyberb8d.enc <cyberb.ttf
cyberb8e CyberPSMT <cyberb8e.enc <cyberb.ttf
cyberb8f CyberPSMT <cyberb8f.enc <cyberb.ttf
cyberb90 CyberPSMT <cyberb90.enc <cyberb.ttf
cyberb91 CyberPSMT <cyberb91.enc <cyberb.ttf
cyberb92 CyberPSMT <cyberb92.enc <cyberb.ttf
cyberb93 CyberPSMT <cyberb93.enc <cyberb.ttf
cyberb94 CyberPSMT <cyberb94.enc <cyberb.ttf
cyberb95 CyberPSMT <cyberb95.enc <cyberb.ttf
cyberb96 CyberPSMT <cyberb96.enc <cyberb.ttf
cyberb97 CyberPSMT <cyberb97.enc <cyberb.ttf
cyberb98 CyberPSMT <cyberb98.enc <cyberb.ttf
cyberb99 CyberPSMT <cyberb99.enc <cyberb.ttf
cyberb9a CyberPSMT <cyberb9a.enc <cyberb.ttf
cyberb9b CyberPSMT <cyberb9b.enc <cyberb.ttf
cyberb9c CyberPSMT <cyberb9c.enc <cyberb.ttf
cyberb9d CyberPSMT <cyberb9d.enc <cyberb.ttf
cyberb9e CyberPSMT <cyberb9e.enc <cyberb.ttf
cyberb9f CyberPSMT <cyberb9f.enc <cyberb.ttf
cyberbac CyberPSMT <cyberbac.enc <cyberb.ttf
cyberbad CyberPSMT <cyberbad.enc <cyberb.ttf
cyberbae CyberPSMT <cyberbae.enc <cyberb.ttf
cyberbaf CyberPSMT <cyberbaf.enc <cyberb.ttf
cyberbb0 CyberPSMT <cyberbb0.enc <cyberb.ttf
cyberbb1 CyberPSMT <cyberbb1.enc <cyberb.ttf
cyberbb2 CyberPSMT <cyberbb2.enc <cyberb.ttf
cyberbb3 CyberPSMT <cyberbb3.enc <cyberb.ttf
cyberbb4 CyberPSMT <cyberbb4.enc <cyberb.ttf
cyberbb5 CyberPSMT <cyberbb5.enc <cyberb.ttf
cyberbb6 CyberPSMT <cyberbb6.enc <cyberb.ttf
cyberbb7 CyberPSMT <cyberbb7.enc <cyberb.ttf
cyberbb8 CyberPSMT <cyberbb8.enc <cyberb.ttf
cyberbb9 CyberPSMT <cyberbb9.enc <cyberb.ttf
cyberbba CyberPSMT <cyberbba.enc <cyberb.ttf
cyberbbb CyberPSMT <cyberbbb.enc <cyberb.ttf
cyberbbc CyberPSMT <cyberbbc.enc <cyberb.ttf
cyberbbd CyberPSMT <cyberbbd.enc <cyberb.ttf
cyberbbe CyberPSMT <cyberbbe.enc <cyberb.ttf
cyberbbf CyberPSMT <cyberbbf.enc <cyberb.ttf
cyberbc0 CyberPSMT <cyberbc0.enc <cyberb.ttf
cyberbc1 CyberPSMT <cyberbc1.enc <cyberb.ttf
cyberbc2 CyberPSMT <cyberbc2.enc <cyberb.ttf
cyberbc3 CyberPSMT <cyberbc3.enc <cyberb.ttf
cyberbc4 CyberPSMT <cyberbc4.enc <cyberb.ttf
cyberbc5 CyberPSMT <cyberbc5.enc <cyberb.ttf
cyberbc6 CyberPSMT <cyberbc6.enc <cyberb.ttf
cyberbc7 CyberPSMT <cyberbc7.enc <cyberb.ttf
cyberbc8 CyberPSMT <cyberbc8.enc <cyberb.ttf
cyberbc9 CyberPSMT <cyberbc9.enc <cyberb.ttf
cyberbca CyberPSMT <cyberbca.enc <cyberb.ttf
cyberbcb CyberPSMT <cyberbcb.enc <cyberb.ttf
cyberbcc CyberPSMT <cyberbcc.enc <cyberb.ttf
cyberbcd CyberPSMT <cyberbcd.enc <cyberb.ttf
cyberbce CyberPSMT <cyberbce.enc <cyberb.ttf
cyberbcf CyberPSMT <cyberbcf.enc <cyberb.ttf
cyberbd0 CyberPSMT <cyberbd0.enc <cyberb.ttf
cyberbd1 CyberPSMT <cyberbd1.enc <cyberb.ttf
cyberbd2 CyberPSMT <cyberbd2.enc <cyberb.ttf
cyberbd3 CyberPSMT <cyberbd3.enc <cyberb.ttf
cyberbd4 CyberPSMT <cyberbd4.enc <cyberb.ttf
cyberbd5 CyberPSMT <cyberbd5.enc <cyberb.ttf
cyberbd6 CyberPSMT <cyberbd6.enc <cyberb.ttf
cyberbd7 CyberPSMT <cyberbd7.enc <cyberb.ttf
cyberbe8 CyberPSMT <cyberbe8.enc <cyberb.ttf
cyberbf0 CyberPSMT <cyberbf0.enc <cyberb.ttf
cyberbf9 CyberPSMT <cyberbf9.enc <cyberb.ttf
cyberbfa CyberPSMT <cyberbfa.enc <cyberb.ttf
cyberbfb CyberPSMT <cyberbfb.enc <cyberb.ttf
cyberbfc CyberPSMT <cyberbfc.enc <cyberb.ttf
cyberbfd CyberPSMT <cyberbfd.enc <cyberb.ttf
cyberbfe CyberPSMT <cyberbfe.enc <cyberb.ttf
cyberbff CyberPSMT <cyberbff.enc <cyberb.ttf
